
as12, an absolute assembler for Motorola MCU's, version 1.2h

                        ; Moises Campos Zepeda
                        ; 25-05-2020
                        ; IE0623: Microprocesadores
                        ; Tarea #2
                        ; Problema # 2
                        ; Nota: el codigo se comento en ingles
                        ; *****************************************************************************
                        ;                           Declaracion de Estructuras de datos
                        ; *****************************************************************************
1050                                        org     $1050
1050 63 75 63 08 64 07  DATOS:              db $63,$75,$63,$8,$64,$7,$56,$29,$71,$28,$80,$7,$41,$59
     56 29 71 28 80 07
     41 59
105e 08 05 59 93 71 07                      db $8,$5,$59,$93,$71,$7,$82,$68,$58,$34,$98,$2,$35,$87
     82 68 58 34 98 02
     35 87
106c 51 54 23 93 47 88                      db $51,$54,$23,$93,$47,$88,$0,$60,$22,$64,$6,$79,$68,$15
     00 60 22 64 06 79
     68 15
107a 20 17 83 38 93 80                      db $20,$17,$83,$38,$93,$80,$27,$36,$4,$41,$31,$25,$91,$80
     27 36 04 41 31 25
     91 80
                        
1150                                        org     $1150
1150 08 05 59 93 71 07  MASCARAS:           db $8,$5,$59,$93,$71,$7,$82,$68,$58,$34,$98,$2,$35,$87
     82 68 58 34 98 02
     35 87
115e 63 75 63 08 64 07                      db $63,$75,$63,$8,$64,$7,$56,$29,$71,$28,$80,$7,$41,$59
     56 29 71 28 80 07
     41 59
116c 20 17 80 38 93 80                      db $20,$17,$80,$38,$93,$80,$27,$36,$4,$41,$31,$25,$91,$30
     27 36 04 41 31 25
     91 30
117a 51 54 23 93 47 88                      db $51,$54,$23,$93,$47,$88,$0,$60,$22,$64,$6,$79,$68,$FE
     00 60 22 64 06 79
     68 fe
                        
1300                                        org     $1300
1300                    NEGAT:               ds 1000
                        
                        
1400                                        org     $1400
1400                    TEMP:               ds $2
1402                    RESULT:             ds $2
                        
                        ; *****************************************************************************
                        ;                               Main Program
                        ; *****************************************************************************
                        
                        
                        
2000                                        org     $2000
                        
2000 ce 10 50                               Ldx         #DATOS
                                            
2003 cd 11 50                               Ldy         #MASCARAS
                        
2006                    DATA_END:           
                                            
2006 8e 00 80                               cpx         #$80 
2009 27 04                                  beq         LOOP
200b 08                                     inx
200c 06 20 06                               jmp         DATA_END
                        
200f                    LOOP:
                                        ; Review for negative results  
200f 96 00                                  ldaa        0, y
2011 98 00                                  eora        0, x
                        
                                        ;Adding to NEGAT    
2013 2e 0d                                  bgt         CHECK_MASKS
2015 7d 14 00                               sty         TEMP
2018 cd 13 00                               Ldy         #NEGAT
201b 5a 01                                  staa        1, y+
Tabla_NAGAT.asm:59: Warning - Missing expression, value of 0 assumed
201d 5d 00                                  sty         [NEGAT, y]
201f fd 14 00                               Ldy         TEMP
2022                    CHECK_MASKS:
2022 8d 00 fe                               cpy         #$FE
2025 27 04                                  beq         FIN
2027 02                                     iny
2028 06 20 0f                               jmp         LOOP
                        
202b                    FIN:                
202b 20 fe                                  bra         FIN
                        
                        

Executed: Tue May 26 06:58:45 2020
Total cycles: 50, Total bytes: 157
Total errors: 0, Total warnings: 1
